[www.sxxhdjn.com/index.html]
[backblue.gif]
[fade.gif]
[index.html]
[s.dlssyht.cn/plugins/public/js/cookies.js]
[lf9-cdn-tos.bytecdntp.com/cdn/expire-1-y/jquery/1.7.1/jquery.min.js]
[s.dlssyht.cn/Language/Zh-cn/Languagefd47.js]
[s.dlssyht.cn/js/ev_popup/skin/skin.minfd47.css]
[s.dlssyht.cn/js/ev_popup/ev_popup.minfd47.js]
[s.dlssyht.cn/js/VNew/publicfd47.js]
[s.dlssyht.cn/plugins/public/js/lightGallery/js/lightgallery-all.minfd47.js]
[s.dlssyht.cn/plugins/public/js/lightGallery/css/lightgallery.minfd47.css]
[s.dlssyht.cn/plugins/public/js/photoSphereViewer/index.minfd47.css]
[lf6-cdn-tos.bytecdntp.com/cdn/expire-1-M/imageviewer/1.1.0/viewer.min.css]
[lf3-cdn-tos.bytecdntp.com/cdn/expire-1-M/imageviewer/1.1.0/viewer.min.js]
[s.dlssyht.cn/js/VNew/tj/jquery.scrollify.minfd47.js]
[s.dlssyht.cn/plugins/public/js/photoSphereViewer/index.min8043.js]
[s.dlssyht.cn/css/VNew/base.minfd47.css]
[s.dlssyht.cn/js/VNew/tj/public_funfd47.js]
[s.dlssyht.cn/css/VNew/animate.minfd47.css]
[s.dlssyht.cn/css/VNew/icon_text/iconfont.minfd47.css]
[s.dlssyht.cn/css/VNew/web_frame.minfd47.css]
[s.dlssyht.cn/templates/others39/css/skincolorfd47.css]
[s.dlssyht.cn/css/VNew/inner_frame.minfd47.css]
[www.sxxhdjn.com/self_define/TJStyle9459.css]
[s.dlssyht.cn/templates/others39/css/webskinfd47.css]
[s.dlssyht.cn/plugins/public/js/base64.min.js]
[s.dlssyht.cn/css/VNew/web_style/base_module_style.minfd47.css]
[s.dlssyht.cn/plugins/public/js/json2.js]
[aimg8.dlszyht.net.cn/module/simplepicbackground/1649571/2258/4515899_1524536212f3ec.png]
[s.dlssyht.cn/js/posabsolute-jQuery-Validation-Engine-2c29415/js/languages/jquery.validationEngine-zh_CNfd47.js]
[s.dlssyht.cn/plugins/public/js/chplayer/chplayerfd47.js]
[s.dlssyht.cn/plugins/public/js/slidingVerification/sliding_verification_stylefd47.css]
[lf3-cdn-tos.bytecdntp.com/cdn/expire-1-M/three.js/r128/three.min.js]
[s.dlssyht.cn/plugins/public/js/slidingVerification/sliding_tn_codefd47.js]
[s.dlssyht.cn/include/shoucangfd47.js]
[www.sxxhdjn.com/dom/denglu78e3.html]
[www.sxxhdjn.com/dom/zhuce78e3.html]
[www.sxxhdjn.com/xinhuidejinnuo/item_16994697_0.html]
[www.sxxhdjn.com/xinhuidejinnuo/item_16994697_1148598.html]
[www.sxxhdjn.com/xinhuidejinnuo/item_16994697_1148599.html]
[www.sxxhdjn.com/xinhuidejinnuo/bk_17006914.html]
[www.sxxhdjn.com/xinhuidejinnuo/bk_16996599.html]
[www.sxxhdjn.com/xinhuidejinnuo/item_16994697_1148601.html]
[www.sxxhdjn.com/xinhuidejinnuo/item_16994697_1148611.html]
[www.sxxhdjn.com/xinhuidejinnuo/bk_27516712.html]
[www.sxxhdjn.com/xinhuidejinnuo/item_16995039_0.html]
[www.sxxhdjn.com/xinhuidejinnuo/item_16995039_2466873.html]
[www.sxxhdjn.com/xinhuidejinnuo/item_16995039_1148744.html]
[www.sxxhdjn.com/xinhuidejinnuo/item_16995039_1148745.html]
[www.sxxhdjn.com/xinhuidejinnuo/item_16995039_1148746.html]
[www.sxxhdjn.com/xinhuidejinnuo/item_16995039_1148747.html]
[www.sxxhdjn.com/xinhuidejinnuo/item_16995039_1148748.html]
[www.sxxhdjn.com/xinhuidejinnuo/item_16995039_1148778.html]
[www.sxxhdjn.com/xinhuidejinnuo/item_16994931_0.html]
[www.sxxhdjn.com/xinhuidejinnuo/item_16994931_1148701.html]
[www.sxxhdjn.com/xinhuidejinnuo/item_16994931_1148702.html]
[www.sxxhdjn.com/xinhuidejinnuo/item_16994931_1148703.html]
[www.sxxhdjn.com/xinhuidejinnuo/item_16994931_1148704.html]
[www.sxxhdjn.com/xinhuidejinnuo/item_16994931_1148705.html]
[www.sxxhdjn.com/xinhuidejinnuo/item_17062525_0.html]
[www.sxxhdjn.com/xinhuidejinnuo/item_17062525_1160714.html]
[www.sxxhdjn.com/xinhuidejinnuo/item_17062525_1160713.html]
[www.sxxhdjn.com/xinhuidejinnuo/item_17062525_1160712.html]
[www.sxxhdjn.com/xinhuidejinnuo/item_17062525_1160711.html]
[www.sxxhdjn.com/xinhuidejinnuo/item_17062525_1160710.html]
[www.sxxhdjn.com/xinhuidejinnuo/item_17062525_1160709.html]
[www.sxxhdjn.com/xinhuidejinnuo/item_17062525_1160708.html]
[www.sxxhdjn.com/xinhuidejinnuo/item_17061663_0.html]
[www.sxxhdjn.com/xinhuidejinnuo/item_17061663_1160528.html]
[www.sxxhdjn.com/xinhuidejinnuo/item_17061663_1160527.html]
[www.sxxhdjn.com/xinhuidejinnuo/item_17061663_1160526.html]
[www.sxxhdjn.com/xinhuidejinnuo/item_17061663_1160525.html]
[www.sxxhdjn.com/xinhuidejinnuo/item_17061663_1160524.html]
[www.sxxhdjn.com/xinhuidejinnuo/item_17061663_1160523.html]
[www.sxxhdjn.com/xinhuidejinnuo/bk_17170712.html]
[www.sxxhdjn.com/xinhuidejinnuo/bk_17168429.html]
[aimg8.dlszyht.net.cn/tj/public_pic/loading-wait-bg.gif]
[aimg8.dlszyht.net.cn/module/simplepicbackground/1649571/5474/10946464_15507156506d92.jpg]
[aimg8.dlszyht.net.cn/module/simplepicbackground/1649571/5474/10946464_1550715650b9e5.jpg]
[aimg8.dlszyht.net.cn/module/simplepicbackground/1649571/5474/10947046_15507173246d92.jpg]
[aimg8.dlszyht.net.cn/module/simplepicbackground/1649571/5474/10947046_15507173244b1a.jpg]
[aimg8.dlszyht.net.cn/module/simplepicbackground/1649571/5474/10947106_15507174816d92.jpg]
[aimg8.dlszyht.net.cn/module/simplepicbackground/1649571/5474/10947106_1550717481b386.jpg]
[aimg8.dlssyht.cn/module_pic_con/800_1500/708/1415937_1649571_1524534464_960629ca.png]
[aimg8.dlssyht.cn/module_pic_con/800_1500/708/1415938_1649571_1524538757_318229ca.png]
[aimg8.dlssyht.cn/module_pic_con/800_1500/708/1415939_1649571_1524538995_489329ca.png]
[aimg8.dlssyht.cn/module_pic_con/800_1500/708/1415940_1649571_1524538865_597729ca.png]
[aimg8.dlssyht.cn/module_pic_con/800_1500/715/1429217_1649571_1524535573_63243b34.png]
[aimg8.dlssyht.cn/module_pic_con/800_1500/715/1429216_1649571_1524535539_21983b34.png]
[aimg8.dlssyht.cn/module_pic_con/800_1500/708/1415264_1649571_1524535190_39623b34.png]
[aimg8.dlssyht.cn/module_pic_con/800_1500/708/1415265_1649571_1524535465_15003b34.png]
[aimg8.dlssyht.cn/module_pic_con/800_1500/708/1415266_1649571_1524535489_66253b34.png]
[aimg8.dlssyht.cn/module_pic_con/800_1500/708/1415267_1649571_1524535517_44253b34.png]
[www.sxxhdjn.com/xinhuidejinnuo/bk_16869026.html]
[aimg8.dlssyht.cn/module_pic_con/800_1500/1649571/5476/10951519_15507304765c59.jpg]
[aimg8.dlssyht.cn/module_pic_con/800_1500/708/1415445_1649571_1524537968_17615c59.png]
[aimg8.dlssyht.cn/module_pic_con/800_1500/708/1415446_1649571_1524538012_7835c59.png]
[aimg8.dlssyht.cn/module_pic_con/800_1500/708/1415447_1649571_1524538038_28625c59.png]
[aimg8.dlssyht.cn/module_pic_con/800_1500/1649571/5476/10951603_15507306635c59.jpg]
[aimg8.dlssyht.cn/module_pic_con/800_1500/708/1415449_1649571_1524538122_69225c59.png]
[aimg8.dlszyht.net.cn/module/simplepic/1548682/227/453033_15064271824d31.png]
[aimg8.dlszyht.net.cn/module/simplepic/1548682/227/453037_15064272034d31.png]
[aimg8.dlszyht.net.cn/module/simplepic/1548682/227/453040_15064272254d31.png]
[aimg8.dlszyht.net.cn/module/simplepic/1548682/227/453035_15064271934d31.png]
[aimg8.dlszyht.net.cn/module/simplepicbackground/1649571/2040/4078639_15227446772173.png]
[aimg8.dlszyht.net.cn/module/simplepicbackground/1649571/4854/9707326_1546496095b712.png]
[www.sxxhdjn.com/xinhuidejinnuo/vip_doc/16882771_0_0_1.html]
[www.sxxhdjn.com/xinhuidejinnuo/single_17231690.html]
[aimg8.dlszyht.net.cn/module/simplepicbackground/1649571/5710/11418335_1552899870aa19.jpg]
[aimg8.dlszyht.net.cn/module/simplepicbackground/1649571/5710/11418350_1552899894aa19.jpg]
[aimg8.dlszyht.net.cn/module/simplepic/1548682/227/453780_15064359226929.png]
[www.sxxhdjn.com/xinhuidejinnuo/products/16995606_0_0_1.html]
[www.sxxhdjn.com/xinhuidejinnuo/vip_doc/16869025_0_0_1.html]
[s.dlssyht.cn/js/new_online_2016fd47.js]
[s.dlssyht.cn/css/new_online2016/sidebar_style.css]
[s.dlssyht.cn/images/new_online2016/prev_icon.png]
[s.dlssyht.cn/images/new_online2016/next_icon.png]
[s.dlssyht.cn/plugins/public/js/md5.js]
[s.dlssyht.cn/js/site_statsfd47.js]
[push.zhanzhang.baidu.com/push.js]
[zz.bdstatic.com/linksubmit/push.js]
[www.sxxhdjn.com/images/stat641f.png]
[www.sxxhdjn.com/images/count_timea18a.png]
[www.sxxhdjn.com/index.html]
[s.dlssyht.cn/plugins/public/js/cookies.js]
[s.dlssyht.cn/Language/Zh-cn/Languagefd47.js]
[s.dlssyht.cn/js/ev_popup/skin/black/small-loading-wait-bg.gif]
[s.dlssyht.cn/js/ev_popup/skin/black/evPopupBodyT_B_bg.png]
[s.dlssyht.cn/js/ev_popup/skin/black/evPopupBodyC_bg.png]
[s.dlssyht.cn/js/ev_popup/skin/black/evPopupTitle_bg.png]
[s.dlssyht.cn/js/ev_popup/skin/black/evPopupAlert_icon.png]
[s.dlssyht.cn/js/ev_popup/skin/black/big-loading-wait-bg.gif]
[s.dlssyht.cn/js/ev_popup/skin/black/evPopupOpbut_bg.png]
[s.dlssyht.cn/js/ev_popup/skin/black/evPopup_Prompt_input_bg.png]
[s.dlssyht.cn/js/ev_popup/skin/opacity/evPopupAlert_icon.png]
[s.dlssyht.cn/js/ev_popup/skin/black/images/small-loading-wait-bg.gif]
[s.dlssyht.cn/js/ev_popup/skin/opacity/big-loading-wait-bg.gif]
[s.dlssyht.cn/js/ev_popup/skin/opacity/evPopupOpbut_bg.png]
[s.dlssyht.cn/js/ev_popup/skin/opacity/evPopup_Prompt_input_bg.png]
[s.dlssyht.cn/js/ev_popup/skin/white/evPopupOpbut_bg.png]
[s.dlssyht.cn/js/ev_popup/skin/skin.minfd47.css]
[s.dlssyht.cn/js/ev_popup/ev_popup.minfd47.js]
[www.sxxhdjn.com/dom/down_doc_pass2716.html]
[www.sxxhdjn.com/ajax_get_user_info.html]
[www.sxxhdjn.com/Ajax/GuiGe2716.html]
[www.sxxhdjn.com/images/VNew/loading-wait-bg.gif]
[s.dlssyht.cn/js/VNew/publicfd47.js]
[s.dlssyht.cn/plugins/public/js/lightGallery/js/lightgallery-all.minfd47.js]
[aimg8.oss-cn-shanghai.aliyuncs.com/plugins/public/js/lightGallery/img/vimeo-play.png]
[s.dlssyht.cn/plugins/public/js/lightGallery/css/lightgallery.minfd47.css]
[s.dlssyht.cn/plugins/public/js/photoSphereViewer/index.minfd47.css]
[lf6-cdn-tos.bytecdntp.com/cdn/expire-1-M/imageviewer/1.1.0/viewer.min.css]
[s.dlssyht.cn/plugins/public/js/photoSphereViewer/index.min8043.js]
[s.dlssyht.cn/js/VNew/tj/jquery.scrollify.minfd47.js]
[www.sxxhdjn.com/dom/user_collect_addf3a8.html]
[www.sxxhdjn.com/dom/denglu2716.html]
[api.map.baidu.com/library/SearchInfoWindow/1.5/src/SearchInfoWindow_min.js]
[www.sxxhdjn.com/dom/phone_select2716.html]
[www.sxxhdjn.com/Ajax/Productfc3b.html]
[xysjs.dlssyht.cn/_nuxt/img/service_qq.f68df07.png]
[xysjs.dlssyht.cn/_nuxt/img/service_aliTM.2133809.png]
[xysjs.dlssyht.cn/_nuxt/img/service_skype.cac0a74.png]
[s.dlssyht.cn/js/VNew/tj/public_funfd47.js]
[www.sxxhdjn.com/Ajax/TJIndex2716.html]
[s.dlssyht.cn/images/back_top_Z.png]
[s.dlssyht.cn/images/back_top.png]
[s.dlssyht.cn/images/public_image/shopcar_empty.png]
[s.dlssyht.cn/images/public_image/fixed_shopcar_icon_red.png]
[s.dlssyht.cn/images/public_image/fixed_shopcar_icon_blue.png]
[s.dlssyht.cn/images/public_image/fixed_shopcar_icon_green.png]
[s.dlssyht.cn/images/public_image/fixed_shopcar_icon_orange.png]
[s.dlssyht.cn/images/public_image/fixed_shopcar_icon_purple.png]
[s.dlssyht.cn/css/VNew/base.minfd47.css]
[s.dlssyht.cn/css/VNew/animate.minfd47.css]
[s.dlssyht.cn/css/VNew/icon_text/iconfontd4d2.woff2]
[s.dlssyht.cn/css/VNew/icon_text/iconfontd4d2.woff]
[s.dlssyht.cn/css/VNew/icon_text/iconfontd4d2.ttf]
[s.dlssyht.cn/css/VNew/icon_text/iconfont.minfd47.css]
[s.dlssyht.cn/images/VNew/shopCart_icon.png]
[s.dlssyht.cn/images/VNew/shopCart_imore.png]
[s.dlssyht.cn/images/VNew/text_list_code_bg.jpg]
[s.dlssyht.cn/images/VNew/list_shopcar_icon.png]
[s.dlssyht.cn/images/VNew/manual_move_btn.png]
[s.dlssyht.cn/images4/top7_28.jpg]
[s.dlssyht.cn/css/VNew/web_frame.minfd47.css]
[s.dlssyht.cn/images/VNew/pro-list-li-icon.png]
[s.dlssyht.cn/css/VNew/inner_frame.minfd47.css]
[s.dlssyht.cn/templates/others39/css/skincolorfd47.css]
[s.dlssyht.cn/css/iconimgSkin/red/iconStyle.css]
[s.dlssyht.cn/templates/others39/css/images/nav/nav_1001/nav_bg.png]
[s.dlssyht.cn/templates/others39/css/images/nav/nav_1002/nav_bg.png]
[s.dlssyht.cn/templates/others39/css/images/nav/nav_1003/nav_bg.png]
[s.dlssyht.cn/templates/others39/css/images/nav/nav_1004/nav_bg.png]
[s.dlssyht.cn/templates/others39/css/images/nav/nav_1005/nav_bg.png]
[s.dlssyht.cn/templates/others39/css/images/nav/nav_1006/nav_bg.png]
[s.dlssyht.cn/templates/others39/css/images/nav/nav_1007/nav_bg.png]
[s.dlssyht.cn/templates/others39/css/images/nav/nav_1008/nav_bg.png]
[s.dlssyht.cn/templates/others39/css/images/nav/nav_1009/nav_bg.png]
[s.dlssyht.cn/templates/others39/css/images/nav/nav_1010/nav_bg.png]
[s.dlssyht.cn/templates/others39/css/images/nav/nav_1011/nav_bg.png]
[s.dlssyht.cn/templates/others39/css/images/nav/nav_1012/nav_bg.png]
[s.dlssyht.cn/templates/others39/css/images/module/Mo_1001/MoHead_Bg.png]
[s.dlssyht.cn/templates/others39/css/images/module/Mo_1002/MoHead_Bg.png]
[s.dlssyht.cn/templates/others39/css/images/module/Mo_1002/MoB_Bg.png]
[s.dlssyht.cn/templates/others39/css/images/module/Mo_1003/MoHead_Bg.png]
[s.dlssyht.cn/templates/others39/css/images/module/Mo_1003/MoB_Bg.png]
[s.dlssyht.cn/templates/others39/css/images/module/Mo_1004/MoHead_Bg.png]
[s.dlssyht.cn/templates/others39/css/images/module/Mo_1005/MoHead_Bg.png]
[s.dlssyht.cn/templates/others39/css/images/module/Mo_1006/MoHead_Bg.png]
[s.dlssyht.cn/templates/others39/css/images/module/Mo_1007/MoHead_Bg.png]
[s.dlssyht.cn/templates/others39/css/images/module/Mo_1007/MoB_Bg.png]
[s.dlssyht.cn/templates/others39/css/images/module/Mo_1008/MoHead_Bg.png]
[s.dlssyht.cn/templates/others39/css/images/module/Mo_1008/MoB_Bg.png]
[s.dlssyht.cn/templates/others39/css/images/module/Mo_1009/MoHead_Bg.png]
[s.dlssyht.cn/templates/others39/css/images/module/Mo_1011/MoHead_Bg.png]
[s.dlssyht.cn/templates/others39/css/images/module/Mo_1011/MoB_Bg.png]
[s.dlssyht.cn/templates/others39/css/images/module/Mo_1012/MoHead_Bg.png]
[s.dlssyht.cn/templates/others39/css/images/module/Mo_1012/MoB_Bg.png]
[s.dlssyht.cn/templates/others39/css/images/module/Mo_1013/MoHead_Bg.png]
[s.dlssyht.cn/templates/others39/css/images/module/Mo_1014/MoHead_Bg.png]
[s.dlssyht.cn/templates/others39/css/images/module/Mo_1015/MoHead_Bg.png]
[s.dlssyht.cn/templates/others39/css/images/module/Mo_1016/MoHead_Bg.png]
[s.dlssyht.cn/templates/others39/css/images/module/Mo_1016/MoName_Bg.png]
[s.dlssyht.cn/templates/others39/css/images/module/Mo_1017/MoHead_Bg.png]
[s.dlssyht.cn/templates/others39/css/images/module/Mo_1017/MoName_Bg.png]
[s.dlssyht.cn/templates/others39/css/images/module/Mo_1018/MoName_Bg.png]
[s.dlssyht.cn/templates/others39/css/images/module/Mo_1019/MoHeadBottom_Bg.png]
[s.dlssyht.cn/templates/others39/css/images/module/Mo_1019/MoName_Bg.png]
[s.dlssyht.cn/templates/others39/css/images/module/Mo_1020/MoHead_Bg.png]
[s.dlssyht.cn/templates/others39/css/images/module/Mo_1020/MoName_Bg.png]
[s.dlssyht.cn/templates/others39/css/images/module/Mo_1020/MoBottom_Bg.png]
[s.dlssyht.cn/templates/others39/css/images/module/Mo_1021/MoHead_Bg.png]
[s.dlssyht.cn/templates/others39/css/images/module/Mo_1021/MoName_Bg.png]
[s.dlssyht.cn/templates/others39/css/images/module/Mo_1021/MoBottom_Bg.png]
[s.dlssyht.cn/templates/others39/css/images/module/Mo_1022/MoName_Bg.png]
[s.dlssyht.cn/templates/others39/css/images/module/Mo_1022/MoBodyL_Bg.png]
[s.dlssyht.cn/templates/others39/css/images/module/Mo_1023/MoHead_Bg.png]
[s.dlssyht.cn/templates/others39/css/images/module/Mo_1023/MoName_Bg.png]
[s.dlssyht.cn/templates/others39/css/images/module/Mo_1024/MoName_Bg.png]
[s.dlssyht.cn/templates/others39/css/images/module/Mo_1025/MoHead_Bg.png]
[s.dlssyht.cn/templates/others39/css/images/module/Mo_1026/MoHead_Bg.png]
[s.dlssyht.cn/templates/others39/css/images/module/Mo_1027/MoHead_Bg.png]
[s.dlssyht.cn/templates/others39/css/images/module/Mo_1028/MoHead_Bg.png]
[s.dlssyht.cn/templates/others39/css/images/module/Mo_1028/MoBottom_Bg.png]
[s.dlssyht.cn/templates/others39/css/images/module/Mo_1029/MoName_Bg.png]
[s.dlssyht.cn/templates/others39/css/images/module/Mo_1030/MoHead_Bg.png]
[s.dlssyht.cn/templates/others39/css/images/module/Mo_1030/MoName_Bg.png]
[s.dlssyht.cn/templates/others39/css/images/module/Mo_1031/MoHead_Bg.png]
[s.dlssyht.cn/templates/others39/css/images/module/Mo_1031/MoName_Bg.png]
[s.dlssyht.cn/templates/others39/css/images/Hmodule/HMo_1002/SJ_Bg.png]
[s.dlssyht.cn/templates/others39/css/images/Hmodule/HMo_1003/SJ_Bg.png]
[s.dlssyht.cn/templates/others39/css/images/Hmodule/HMo_1003/TM_BM_Bg.png]
[s.dlssyht.cn/templates/others39/css/images/Hmodule/HMo_1003/HL_HR_Bg.png]
[s.dlssyht.cn/templates/others39/css/images/Hmodule/HMo_1004/SJ_Bg.png]
[s.dlssyht.cn/templates/others39/css/images/Hmodule/HMo_1005/BM_Bg.png]
[s.dlssyht.cn/templates/others39/css/images/Hmodule/HMo_1006/BM_Bg.png]
[s.dlssyht.cn/templates/others39/css/images/catalogList_code_bg.png]
[s.dlssyht.cn/templates/others39/css/webskinfd47.css]
[aimg8.dlssyht.cn/tj/fontFamilyIcon/fontFamilyIcon.min.css]
[aimg8.dlssyht.cn/tj/module_style/Mo_2/MoHead_Bg.png]
[aimg8.dlssyht.cn/tj/hmo_style/HMo_2/SJ_Bg.png]
[aimg8.dlssyht.cn/tj/nav_style/nav_2/nav_bg.png]
[aimg8.dlssyht.cn/tj/menuCatalog_style/01/a-m-c-i_bg.png]
[aimg8.dlssyht.cn/tj/menuCatalog_style/02/m-c-h-i_bg.png]
[aimg8.dlssyht.cn/tj/menuCatalog_style/03/m-c-h-i_bg.png]
[aimg8.dlssyht.cn/tj/menuCatalog_style/04/m-c-h-i_bg.png]
[aimg8.dlssyht.cn/tj/menuCatalog_style/05/o-l-e-i-open_bg.png]
[aimg8.dlssyht.cn/tj/menuCatalog_style/06/m-c-h-i_bg.png]
[aimg8.dlssyht.cn/tj/menuCatalog_style/07/m-c-h-i_bg.png]
[aimg8.dlssyht.cn/tj/menuCatalog_style/09/m-c-m-i_bg.png]
[s.dlssyht.cn/images/VNew/new_mo_img/mo_button/base-button-6-bg.png]
[s.dlssyht.cn/images/VNew/new_mo_img/mo_button/base-button-7-bg.png]
[s.dlssyht.cn/images/VNew/new_mo_img/mo_button/base-button-8-bg.png]
[aimg8.dlszyht.net.cn/tj/search_module/skin-10/s-i-bg.png]
[s.dlssyht.cn/css/VNew/web_style/base_module_style.minfd47.css]
[aimg8.dlszyht.net.cn/ev_user_module_content_tmp/2018_03_27/tmp1522143452_1657819_s.png]
[www.sxxhdjn.com/self_define/TJStyle9459.css]
[s.dlssyht.cn/plugins/public/js/base64.min.js]
[s.dlssyht.cn/plugins/public/js/json2.js]
[s.dlssyht.cn/js/posabsolute-jQuery-Validation-Engine-2c29415/js/languages/jquery.validationEngine-zh_CNfd47.js]
[s.dlssyht.cn/plugins/public/js/chplayer/chplayerfd47.js]
[aimg8.dlszyht.net.cn/wap/yzcode_img/icon.png]
[s.dlssyht.cn/plugins/public/js/slidingVerification/sliding_verification_stylefd47.css]
[s.dlssyht.cn/plugins/public/js/slidingVerification/sliding_tn_codefd47.js]
[s.dlssyht.cn/include/shoucangfd47.js]
[www.sxxhdjn.com/dom/verify_check2716.html]
[s.dlssyht.cn/plugins/public/js/msg/codebase/dhtmlxwindows.css]
[s.dlssyht.cn/plugins/public/js/msg/codebase/skins/dhtmlxwindows_dhx_skyblue.css]
[s.dlssyht.cn/plugins/public/js/msg/codebase/dhtmlxcolorpicker.css]
[s.dlssyht.cn/plugins/public/js/msg/codebase/dhtmlxcommon.js]
[s.dlssyht.cn/plugins/public/js/msg/codebase/dhtmlxwindows.js]
[s.dlssyht.cn/plugins/public/js/msg/codebase/dhtmlxcontainer.js]
[www.sxxhdjn.com/include/captcha/captcha64b4.jpg]
[www.sxxhdjn.com/dom/get_password78e3.html]
[www.sxxhdjn.com/include/captcha/captcha85cb.jpg]
[aimg8.dlszyht.net.cn/module/simplepicbackground/1657819/1969/3936697_1522131317c040.jpg]
[s.dlssyht.cn/js/VNew/pc/self_edit_publicfd47.js]
[www.sxxhdjn.com/dom/denglu78e3.html]
[s.dlssyht.cn/include/alert_boxfd47.js]
[s.dlssyht.cn/js/posabsolute-jQuery-Validation-Engine-2c29415/css/validationEngine.jquery.css]
[s.dlssyht.cn/js/posabsolute-jQuery-Validation-Engine-2c29415/js/languages/jquery.validationEngine-zh_CN.js]
[s.dlssyht.cn/js/posabsolute-jQuery-Validation-Engine-2c29415/js/jquery.validationEngine.js]
[www.sxxhdjn.com/self_define/TJStylee000.css]
[www.sxxhdjn.com/include/captcha/captcha.jpg]
[www.sxxhdjn.com/dom/ajax_captcha442b.html]
[www.sxxhdjn.com/dom/ajax_zhuce_code47d9.html]
[www.sxxhdjn.com/dom/ajax_get_day0520.html]
[www.sxxhdjn.com/ajax_set_info.html]
[www.sxxhdjn.com/dom/zhuce78e3.html]
[www.sxxhdjn.com/Ajax/UserUser.html]
[www.sxxhdjn.com/self_define/guest_book78e3.php]
[www.sxxhdjn.com/self_define/TJStyle3000.css]
[s.dlssyht.cn/ueditor/ueditor.parsefd47.js]
[www.sxxhdjn.com/xinhuidejinnuo/item_16994697_1193789.html]
[aimg8.dlszyht.net.cn/ueditor/image/825/1649571/1540779205415000.jpg]
[aimg8.dlszyht.net.cn/ueditor/image/825/1649571/1540779205903248.jpg]
[aimg8.dlszyht.net.cn/ueditor/image/825/1649571/1540779206452628.jpg]
[www.sxxhdjn.com/xinhuidejinnuo/item_16994697_0.html]
[www.sxxhdjn.com/xinhuidejinnuo/item_16994697_1148598.html]
[www.sxxhdjn.com/self_define/TJStyle5778.css]
[www.sxxhdjn.com/xinhuidejinnuo/item_16994697_1148599.html]
[www.sxxhdjn.com/self_define/TJStylea05b.css]
[www.sxxhdjn.com/xinhuidejinnuo/bk_17006914.html]
[www.sxxhdjn.com/self_define/TJStyle385c.css]
[www.sxxhdjn.com/self_define/TJStyle0792.css]
[aimg8.dlszywz.com/wap/icon_new/1/1567_6959341486712008.png]
[www.sxxhdjn.com/xinhuidejinnuo/bk_16996599.html]
[www.sxxhdjn.com/xinhuidejinnuo/item_16994697_1148601.html]
[www.sxxhdjn.com/self_define/TJStyle8171.css]
[www.sxxhdjn.com/xinhuidejinnuo/item_16994697_1148611.html]
[www.sxxhdjn.com/self_define/TJStyle8f56.css]
[aimg8.dlssyht.cn/u/1649571/module_pic_con/v1/11124/22246543_16911121791dc9.png]
[www.sxxhdjn.com/images/VNew/interact_img/interact_2/1.png]
[aimg8.dlssyht.cn/u/1649571/module_pic_con/v1/11124/22246549_16911126061dc9.png]
[aimg8.dlssyht.cn/u/1649571/module_pic_con/v1/11124/22246563_16911129451dc9.png]
[aimg8.dlssyht.cn/u/1649571/module_pic_con/v1/11124/22246644_169111622386b0.png]
[aimg8.dlssyht.cn/u/1649571/module_pic_con/v1/11124/22246891_169112813086b0.png]
[aimg8.dlssyht.cn/u/1649571/module_pic_con/v1/11124/22246938_169113042786b0.png]
[www.sxxhdjn.com/xinhuidejinnuo/bk_27516712.html]
[www.sxxhdjn.com/xinhuidejinnuo/item_16995039_0.html]
[www.sxxhdjn.com/xinhuidejinnuo/item_16995039_2466873.html]
[www.sxxhdjn.com/self_define/TJStyle1973.css]
[aimg8.dlssyht.cn/u/1649571/ueditor/image/825/1649571/1691142943440027.jpg]
[www.sxxhdjn.com/xinhuidejinnuo/item_16995039_1148744.html]
[aimg8.dlszyht.net.cn/ueditor/image/825/1649571/1522736482871855.png]
[www.sxxhdjn.com/xinhuidejinnuo/item_16995039_1148745.html]
[www.sxxhdjn.com/self_define/TJStyle5b20.css]
[aimg8.dlszyht.net.cn/ueditor/image/825/1649571/1540780119803438.png]
[www.sxxhdjn.com/xinhuidejinnuo/item_16995039_1148746.html]
[www.sxxhdjn.com/self_define/TJStyle3860.css]
[www.sxxhdjn.com/xinhuidejinnuo/item_16995039_1148747.html]
[www.sxxhdjn.com/self_define/TJStyled8e6.css]
[aimg8.dlszyht.net.cn/ueditor/image/825/1649571/1522737954330860.png]
[www.sxxhdjn.com/xinhuidejinnuo/item_16995039_1148748.html]
[www.sxxhdjn.com/self_define/TJStyled30c.css]
[aimg8.dlssyht.cn/u/1649571/ueditor/image/825/1649571/1691142672398701.jpg]
[www.sxxhdjn.com/xinhuidejinnuo/item_16995039_1148778.html]
[www.sxxhdjn.com/self_define/TJStyleed3d.css]
[aimg8.dlszyht.net.cn/ueditor/image/825/1649571/1522656189606123.png]
[aimg8.dlszyht.net.cn/ueditor/image/825/1649571/1522656426399078.png]
[www.sxxhdjn.com/xinhuidejinnuo/item_16994931_0.html]
[www.sxxhdjn.com/xinhuidejinnuo/item_16994931_1148701.html]
[www.sxxhdjn.com/self_define/TJStylee767.css]
[aimg8.dlszyht.net.cn/ueditor/image/825/1649571/1550717816478576.jpg]
[www.sxxhdjn.com/xinhuidejinnuo/item_16994931_1148702.html]
[www.sxxhdjn.com/self_define/TJStylea7bf.css]
[aimg8.dlszyht.net.cn/ueditor/image/825/1649571/1522659292184018.png]
[www.sxxhdjn.com/xinhuidejinnuo/item_16994931_1148703.html]
[www.sxxhdjn.com/self_define/TJStyle0e9b.css]
[aimg8.dlszyht.net.cn/ueditor/image/825/1649571/1550717875242726.jpg]
[www.sxxhdjn.com/xinhuidejinnuo/item_16994931_1148704.html]
[aimg8.dlszyht.net.cn/ueditor/image/825/1649571/1550715039383972.jpg]
[www.sxxhdjn.com/xinhuidejinnuo/item_16994931_1148705.html]
[www.sxxhdjn.com/self_define/TJStylec5fe.css]
[aimg8.dlszyht.net.cn/ueditor/image/825/1649571/1522726236707831.png]
[www.sxxhdjn.com/xinhuidejinnuo/item_17062525_0.html]
[www.sxxhdjn.com/xinhuidejinnuo/item_17062525_1160714.html]
[aimg8.dlszyht.net.cn/ueditor/image/825/1649571/1550720418604442.jpg]
[www.sxxhdjn.com/xinhuidejinnuo/item_17062525_1160713.html]
[www.sxxhdjn.com/self_define/TJStyled3e8.css]
[aimg8.dlszyht.net.cn/ueditor/image/825/1649571/1540780304374829.png]
[aimg8.dlszyht.net.cn/ueditor/image/825/1649571/1540780306225045.png]
[www.sxxhdjn.com/xinhuidejinnuo/item_17062525_1160712.html]
[www.sxxhdjn.com/self_define/TJStylea78b.css]
[aimg8.dlszyht.net.cn/ueditor/image/825/1649571/1522728569659061.png]
[aimg8.dlszyht.net.cn/ueditor/image/825/1649571/1522728578502843.png]
[aimg8.dlszyht.net.cn/ueditor/image/825/1649571/1522728587742162.png]
[aimg8.dlszyht.net.cn/ueditor/image/825/1649571/1522728594717043.png]
[www.sxxhdjn.com/xinhuidejinnuo/item_17062525_1160711.html]
[www.sxxhdjn.com/self_define/TJStyle8745.css]
[aimg8.dlszyht.net.cn/ueditor/image/825/1649571/1522734513989333.png]
[aimg8.dlszyht.net.cn/ueditor/image/825/1649571/1522734514747942.png]
[www.sxxhdjn.com/xinhuidejinnuo/item_17062525_1160710.html]
[www.sxxhdjn.com/self_define/TJStylee63d.css]
[aimg8.dlszyht.net.cn/ueditor/image/825/1649571/1523936046651977.png]
[aimg8.dlszyht.net.cn/ueditor/image/825/1649571/1523936048995035.png]
[www.sxxhdjn.com/xinhuidejinnuo/item_17062525_1160709.html]
[www.sxxhdjn.com/self_define/TJStylede5f.css]
[aimg8.dlszyht.net.cn/ueditor/image/825/1649571/1523935312462949.png]
[aimg8.dlszyht.net.cn/ueditor/image/825/1649571/1523935313388427.png]
[www.sxxhdjn.com/xinhuidejinnuo/item_17062525_1160708.html]
[www.sxxhdjn.com/self_define/TJStylef55b.css]
[aimg8.dlszyht.net.cn/ueditor/image/825/1649571/1550716626320594.jpg]
[www.sxxhdjn.com/xinhuidejinnuo/item_17061663_0.html]
[www.sxxhdjn.com/xinhuidejinnuo/item_17061663_1160528.html]
[www.sxxhdjn.com/self_define/TJStylee462.css]
[aimg8.dlszyht.net.cn/ueditor/image/825/1649571/1522721653801718.png]
[www.sxxhdjn.com/xinhuidejinnuo/item_17061663_1160527.html]
[www.sxxhdjn.com/self_define/TJStyled301.css]
[aimg8.dlszyht.net.cn/ueditor/image/825/1649571/1522721805695896.png]
[www.sxxhdjn.com/xinhuidejinnuo/item_17061663_1160526.html]
[www.sxxhdjn.com/self_define/TJStyleab9c.css]
[aimg8.dlszyht.net.cn/ueditor/image/825/1649571/1522721906824580.png]
[www.sxxhdjn.com/xinhuidejinnuo/item_17061663_1160525.html]
[www.sxxhdjn.com/self_define/TJStyleffba.css]
[aimg8.dlszyht.net.cn/ueditor/image/825/1649571/1550729458439569.jpg]
[aimg8.dlszyht.net.cn/ueditor/image/825/1649571/1550729461505206.jpg]
[www.sxxhdjn.com/xinhuidejinnuo/item_17061663_1160524.html]
[www.sxxhdjn.com/self_define/TJStyle84f0.css]
[aimg8.dlszyht.net.cn/ueditor/image/825/1649571/1522722165455073.png]
[www.sxxhdjn.com/xinhuidejinnuo/item_17061663_1160523.html]
[www.sxxhdjn.com/self_define/TJStyle38db.css]
[www.sxxhdjn.com/xinhuidejinnuo/bk_17170712.html]
[www.sxxhdjn.com/self_define/TJStyle3c59.css]
[api.map.baidu.com/library/SearchInfoWindow/1.5/src/SearchInfoWindow_min.css]
[api.map.baidu.com/res/11/bmap.css]
[www.sxxhdjn.com/xinhuidejinnuo/bk_17168429.html]
[www.sxxhdjn.com/xinhuidejinnuo/bk_16869026.html]
[www.sxxhdjn.com/xinhuidejinnuo/vip_doc/16882771_0_0_1.html]
[aimg8.dlszyht.net.cn/module/simplepicbackground/1649571/5474/10947046_15507173244b1a.jpg]
[www.sxxhdjn.com/self_define/TJStylefbcb.css]
[www.sxxhdjn.com/xinhuidejinnuo/single_17231690.html]
[www.sxxhdjn.com/xinhuidejinnuo/products/16995606_0_0_1.html]
[www.sxxhdjn.com/xinhuidejinnuo/vip_doc/16869025_0_0_1.html]
[s.dlssyht.cn/js/new_online_2016fd47.js]
[s.dlssyht.cn/images/new_online2016/tel_icon.png]
[s.dlssyht.cn/images/new_online2016/tel_icon_h.png]
[s.dlssyht.cn/images/new_online2016/qq_icon.png]
[s.dlssyht.cn/images/new_online2016/qq_icon_h.png]
[s.dlssyht.cn/images/new_online2016/wx_icon.png]
[s.dlssyht.cn/images/new_online2016/wx_icon_h.png]
[s.dlssyht.cn/images/new_online2016/edit_icon.png]
[s.dlssyht.cn/images/new_online2016/edit_icon_h.png]
[s.dlssyht.cn/images/new_online2016/mail_icon.png]
[s.dlssyht.cn/images/new_online2016/mail_icon_h.png]
[s.dlssyht.cn/images/new_online2016/map_icon.png]
[s.dlssyht.cn/images/new_online2016/map_icon_h.png]
[s.dlssyht.cn/images/new_online2016/record_icon.png]
[s.dlssyht.cn/images/new_online2016/record_icon_h.png]
[s.dlssyht.cn/images/new_online2016/tel_border.png]
[s.dlssyht.cn/images/shop_online2016/del_list.png]
[s.dlssyht.cn/css/new_online2016/sidebar_style.css]
[s.dlssyht.cn/css/new_online2016/sidebar_color4/images/botder_img.png]
[s.dlssyht.cn/css/new_online2016/sidebar_color4/images/hide_btn.png]
[s.dlssyht.cn/css/new_online2016/sidebar_color4/images/show_btn.png]
[s.dlssyht.cn/css/new_online2016/sidebar_color4/images/qq_btn.png]
[s.dlssyht.cn/css/new_online2016/sidebar_color4/sidebar_color.css]
[s.dlssyht.cn/plugins/public/js/md5.js]
[www.sxxhdjn.com/Public/UserOperate.html]
[s.dlssyht.cn/js/site_statsfd47.js]
[s.dlssyht.cn/js/prevent_copy.js]
[www.sxxhdjn.com/Ajax/TJIndex.html]
[zz.bdstatic.com/linksubmit/push.js]
[s.dlssyht.cn/js/ev_popup/skin/opacity/evPopup_Prompt_input_bg.html]
[www.sxxhdjn.com/dom/down_doc_pass2716.html]
[www.sxxhdjn.com/ajax_get_user_info.html]
[www.sxxhdjn.com/Ajax/GuiGe2716.html]
[www.sxxhdjn.com/dom/user_collect_addf3a8.html]
[www.sxxhdjn.com/self_define/TJStyle0c2f.css]
[www.sxxhdjn.com/include/captcha/captcha9127.jpg]
[www.sxxhdjn.com/dom/denglu2716.html]
[www.sxxhdjn.com/images/VNew/magnifying_glass_img.html]
[www.sxxhdjn.com/dom/phone_select2716.html]
[www.sxxhdjn.com/Ajax/Productfc3b.html]
[www.sxxhdjn.com/Ajax/TJIndex2716.html]
[www.sxxhdjn.com/dom/zhuce2716.php]
[s.dlssyht.cn/images4/top7_28.html]
[s.dlssyht.cn/css/iconimgSkin/red/iconImg/pro_preview_but.png]
[s.dlssyht.cn/css/iconimgSkin/red/iconImg/inner_nowBuy.png]
[s.dlssyht.cn/css/iconimgSkin/red/iconImg/inner_addCat.png]
[s.dlssyht.cn/css/iconimgSkin/red/iconImg/zaoping_pic_nav.png]
[s.dlssyht.cn/css/iconimgSkin/red/iconImg/zp_but.png]
[s.dlssyht.cn/css/iconimgSkin/red/iconImg/Ezp_but.png]
[s.dlssyht.cn/css/iconimgSkin/red/iconImg/SummaryListBut.png]
[s.dlssyht.cn/css/iconimgSkin/red/iconImg/zdMainLisT_Icon.png]
[s.dlssyht.cn/css/iconimgSkin/red/iconImg/zdSidebarT_Icon.png]
[s.dlssyht.cn/css/iconimgSkin/red/iconImg/zdStarT_Icon.png]
[s.dlssyht.cn/css/iconimgSkin/red/iconImg/Message_but.png]
[s.dlssyht.cn/css/iconimgSkin/Message_desabled_but.png]
[s.dlssyht.cn/css/iconimgSkin/red/iconStyle.css]
[aimg8.dlssyht.cn/tj/fontFamilyIcon/AlibabaPuHuiTi-Bold550a.woff]
[aimg8.dlssyht.cn/tj/fontFamilyIcon/fontFamilyIcon.min.css]
[www.sxxhdjn.com/ABCDEFGHIJKLMNOPQRSTUVWXYZabcdefghijklmnopqrstuvwxyz0123456789+/index.html]
[www.sxxhdjn.com/dom/verify_check2716.html]
[s.dlssyht.cn/plugins/public/js/msg/codebase/dhtmlxwindows.css]
[s.dlssyht.cn/plugins/public/js/msg/codebase/imgs/dhxwins_dhx_skyblue/active/progress.gif]
[s.dlssyht.cn/plugins/public/js/msg/codebase/imgs/dhxwins_dhx_skyblue/inactive/progress.gif]
[s.dlssyht.cn/plugins/public/js/msg/codebase/imgs/dhxwins_dhx_skyblue/buttons.gif]
[s.dlssyht.cn/plugins/public/js/msg/codebase/skins/dhtmlxwindows_dhx_skyblue.css]
[s.dlssyht.cn/plugins/public/js/msg/codebase/imgs/cp_buttons_panel.gif]
[s.dlssyht.cn/plugins/public/js/msg/codebase/imgs/__dhxCP_skin_Black/cp_buttons_panel.png]
[s.dlssyht.cn/plugins/public/js/msg/codebase/imgs/__dhxCP_skin_Blue/slide.gif]
[s.dlssyht.cn/plugins/public/js/msg/codebase/imgs/__dhxCP_skin_Blue/cp_buttons_panel.png]
[s.dlssyht.cn/plugins/public/js/msg/codebase/imgs/__dhxCP_skin_SkyBlue/bg_head.gif]
[s.dlssyht.cn/plugins/public/js/msg/codebase/imgs/__dhxCP_skin_SkyBlue/slide.gif]
[s.dlssyht.cn/plugins/public/js/msg/codebase/imgs/__dhxCP_skin_SkyBlue/but_add.gif]
[s.dlssyht.cn/plugins/public/js/msg/codebase/imgs/__dhxCP_skin_SkyBlue/but_select.gif]
[s.dlssyht.cn/plugins/public/js/msg/codebase/imgs/__dhxCP_skin_SkyBlue/but_cancel.gif]
[s.dlssyht.cn/plugins/public/js/msg/codebase/dhtmlxcolorpicker.css]
[s.dlssyht.cn/plugins/public/js/msg/codebase/dhtmlxcommon.js]
[s.dlssyht.cn/plugins/public/js/msg/codebase/dhtmlxwindows.js]
[s.dlssyht.cn/plugins/public/js/msg/codebase/dhtmlxcontainer.js]
[s.dlssyht.cn/css/dom/BBS_css.css]
[s.dlssyht.cn/css/frame_css/public_frame.css]
[www.sxxhdjn.com/templates/others39/css/BBS_color.css]
[s.dlssyht.cn/templates/zhidao/zd2/css/skincolor.css]
[www.sxxhdjn.com/templates/others39/css/skincolor.css]
[s.dlssyht.cn/include/cookies.js]
[s.dlssyht.cn/include/jquery-1.7.1.min.js]
[s.dlssyht.cn/Language/Zh-cn/22/Languagefd47.js]
[s.dlssyht.cn/js/get_password.js]
[www.sxxhdjn.com/dom/get_password78e3.html]
[www.sxxhdjn.com/self_define/ajax_set_info.html]
[img.ev123.com/pic/editBtnAb308a4.jpg]
[img.ev123.com/pic/editBtnAb408a4.jpg]
[s.dlssyht.cn/js/VNew/pc/self_edit_publicfd47.js]
[s.dlssyht.cn/include/self_edit_setfd47.js]
[s.dlssyht.cn/include/alert_boxfd47.js]
[s.dlssyht.cn/js/posabsolute-jQuery-Validation-Engine-2c29415/css/validationEngine.jquery.css]
[s.dlssyht.cn/js/posabsolute-jQuery-Validation-Engine-2c29415/js/languages/jquery.validationEngine-zh_CN.js]
[www.sxxhdjn.com/self_define/index2716.html]
[s.dlssyht.cn/js/posabsolute-jQuery-Validation-Engine-2c29415/js/jquery.validationEngine.js]
[www.sxxhdjn.com/self_define/TJStylee000.css]
[www.sxxhdjn.com/dom/ajax_captcha442b.html]
[www.sxxhdjn.com/dom/ajax_zhuce_code47d9.html]
[www.sxxhdjn.com/dom/ajax_get_day0520.html]
[www.sxxhdjn.com/ajax_set_info.html]
[www.sxxhdjn.com/Ajax/UserUser.html]
[www.sxxhdjn.com/self_define/TJStyle4933.css]
[www.sxxhdjn.com/self_define/include/guestd41d.js]
[www.sxxhdjn.com/self_define/guest_book78e3.php]
[s.dlssyht.cn/ueditor/ueditor.parsefd47.js]
[www.sxxhdjn.com/self_define/TJStyle3000.css]
[www.sxxhdjn.com/self_define/include/guest6171.js]
[www.sxxhdjn.com/self_define/TJStyle8f1c.css]
[aimg8.dlszyht.net.cn/ueditor/image/825/1649571/1550718795797421.jpg]
[www.sxxhdjn.com/xinhuidejinnuo/item_16994697_1193789.html]
[www.sxxhdjn.com/self_define/TJStyle5778.css]
[www.sxxhdjn.com/self_define/TJStylea05b.css]
[www.sxxhdjn.com/self_define/TJStyle385c.css]
[www.sxxhdjn.com/self_define/TJStyle0792.css]
[www.sxxhdjn.com/self_define/TJStyle8171.css]
[www.sxxhdjn.com/self_define/TJStyle8f56.css]
[www.sxxhdjn.com/self_define/TJStyle1973.css]
[www.sxxhdjn.com/self_define/TJStyle5544.php]
[aimg8.dlszyht.net.cn/ueditor/image/825/1649571/1522736482871855.png]
[www.sxxhdjn.com/self_define/TJStyle998e.php]
[www.sxxhdjn.com/self_define/TJStyle5b20.css]
[www.sxxhdjn.com/self_define/TJStyle3860.css]
[www.sxxhdjn.com/self_define/TJStyled8e6.css]
[aimg8.dlszyht.net.cn/ueditor/image/825/1649571/1540780119803438.png]
[www.sxxhdjn.com/self_define/TJStyled30c.css]
[www.sxxhdjn.com/self_define/TJStyleed3d.css]
[aimg8.dlszyht.net.cn/ueditor/image/825/1649571/1522737954330860.png]
[aimg8.dlszyht.net.cn/ueditor/image/825/1649571/1522656189606123.png]
[www.sxxhdjn.com/self_define/TJStylee767.css]
[www.sxxhdjn.com/self_define/TJStylea7bf.css]
[aimg8.dlszyht.net.cn/ueditor/image/825/1649571/1522659292184018.png]
[www.sxxhdjn.com/self_define/TJStyle0e9b.css]
[www.sxxhdjn.com/self_define/TJStyle6ed9.php]
[www.sxxhdjn.com/self_define/TJStylec5fe.css]
[aimg8.dlszyht.net.cn/ueditor/image/825/1649571/1522726236707831.png]
[www.sxxhdjn.com/self_define/TJStyle0464.php]
[www.sxxhdjn.com/self_define/TJStyled3e8.css]
[aimg8.dlszyht.net.cn/ueditor/image/825/1649571/1540780306225045.png]
[www.sxxhdjn.com/self_define/TJStylea78b.css]
[aimg8.dlszyht.net.cn/ueditor/image/825/1649571/1522728587742162.png]
[aimg8.dlszyht.net.cn/ueditor/image/825/1649571/1522728594717043.png]
[www.sxxhdjn.com/self_define/TJStyle8745.css]
[aimg8.dlszyht.net.cn/ueditor/image/825/1649571/1522734513989333.png]
[www.sxxhdjn.com/self_define/TJStylee63d.css]
[aimg8.dlszyht.net.cn/ueditor/image/825/1649571/1523936048995035.png]
[www.sxxhdjn.com/self_define/TJStylede5f.css]
[aimg8.dlszyht.net.cn/ueditor/image/825/1649571/1523935312462949.png]
[www.sxxhdjn.com/self_define/TJStylef55b.css]
[www.sxxhdjn.com/self_define/TJStylee462.css]
[aimg8.dlszyht.net.cn/ueditor/image/825/1649571/1522721653801718.png]
[www.sxxhdjn.com/self_define/TJStyled301.css]
[www.sxxhdjn.com/self_define/TJStyleab9c.css]
[aimg8.dlszyht.net.cn/ueditor/image/825/1649571/1522721906824580.png]
[www.sxxhdjn.com/self_define/TJStyleffba.css]
[www.sxxhdjn.com/self_define/TJStyle84f0.css]
[aimg8.dlszyht.net.cn/ueditor/image/825/1649571/1522722165455073.png]
[www.sxxhdjn.com/self_define/TJStyle38db.css]
[www.sxxhdjn.com/self_define/TJStyle3c59.css]
[api.map.baidu.com/library/SearchInfoWindow/1.5/src/iw_close.gif]
[api.map.baidu.com/library/SearchInfoWindow/1.5/src/phone.png]
[api.map.baidu.com/library/SearchInfoWindow/1.4/src/iw_bg.png]
[api.map.baidu.com/library/SearchInfoWindow/1.5/src/SearchInfoWindow_min.css]
[api.map.baidu.com/images/blank.gif]
[api.map.baidu.com/res/11/bmap.css]
[api.map.baidu.com/images/mapctrls2d0.png]
[s.dlssyht.cn/css/baidu_map.css]
[www.sxxhdjn.com/self_define/TJStylefbcb.css]
[s.dlssyht.cn/images/new_online2016/record_icon.html]
[s.dlssyht.cn/images/new_online2016/record_icon_h.html]
[www.sxxhdjn.com/Public/UserOperate.html]
[www.sxxhdjn.com/Ajax/TJIndex.html]
[sp0.baidu.com/9_Q4simg2RQJ8t7jm9iCKT-xh_/s.gif]
[www.sxxhdjn.com/self_define/TJStyle0c2f.css]
[www.sxxhdjn.com/self_define/TJStyle7093.css]
[www.sxxhdjn.com/dom/zhuce2716.php]
[s.dlssyht.cn/plugins/public/js/msg/codebase/img/__dhxCP_skin_Black/slide.html]
[www.sxxhdjn.com/self_define/TJStyle84c2.php]
[s.dlssyht.cn/images/bbs_sign/login_phone_icon.png]
[s.dlssyht.cn/images/public_image/success.png]
[s.dlssyht.cn/images/bbs_sign/qd_but.jpg]
[img.ev123.com/pic/dom/photo_shadow_150.png]
[img.ev123.com/pic/dom/photo_shadow_200.png]
[s.dlssyht.cn/css/dom/BBS_css.css]
[img.ev123.com/pic/gs_2010/add_modulee4da.png]
[s.dlssyht.cn/css/frame_css/public_frame.css]
[img.ev123.com/pic/gs_2010/skin_pk/site_fn_menu_bg.png]
[img.ev123.com/pic/gs_2010/skin_pk/big_column_tit.png]
[s.dlssyht.cn/templates/zhidao/zd2/css/skincolor.css]
[img3.ev123.com/others39/bbs_icon_1.png]
[www.sxxhdjn.com/templates/others39/css/BBS_color.css]
[www.sxxhdjn.com/templates/others39/css/skincolor.css]
[s.dlssyht.cn/include/cookies.js]
[s.dlssyht.cn/include/jquery-1.7.1.min.js]
[s.dlssyht.cn/Language/Zh-cn/22/Languagefd47.js]
[www.sxxhdjn.com/self_define/TJStyle8b5c.php]
[s.dlssyht.cn/js/get_password.js]
[www.sxxhdjn.com/dom/xinhuidejinnuo.html]
[www.sxxhdjn.com/self_define/ajax_set_info.html]
[www.sxxhdjn.com/dom/own_set_form.html]
[www.sxxhdjn.com/dom/own_set_index_tag.html]
[www.sxxhdjn.com/dom/own_qiehuan_list.html]
[www.sxxhdjn.com/dom/own_set_qiehuan.html]
[www.sxxhdjn.com/dom/own_index_edit.html]
[www.sxxhdjn.com/dom/own_index_list.html]
[www.sxxhdjn.com/dom/own_set_index.html]
[www.sxxhdjn.com/dom/own_set_top.html]
[www.sxxhdjn.com/dom/own_add_foot_doc.html]
[www.sxxhdjn.com/dom/add_link_site.html]
[www.sxxhdjn.com/dom/add_foot.html]
[www.sxxhdjn.com/dom/own_add_banner.html]
[www.sxxhdjn.com/dom/add_bbs_class.html]
[www.sxxhdjn.com/dom/own_add_module.html]
[www.sxxhdjn.com/dom/own_channel_style.html]
[www.sxxhdjn.com/dom/own_top_set.html]
[www.sxxhdjn.com/dom/own_navi_set.html]
[www.sxxhdjn.com/dom/own_banner_set.html]
[www.sxxhdjn.com/dom/user_make_contentaff1.html]
[www.sxxhdjn.com/dom/user_make_dom2092.html]
[www.sxxhdjn.com/dom/user_make_dom6976.html]
[www.sxxhdjn.com/dom/user_make_dombddc.html]
[www.sxxhdjn.com/dom/user_make_dom45c0.html]
[www.sxxhdjn.com/dom/user_make_dom72cb.html]
[www.sxxhdjn.com/dom/user_make_domc56d.html]
[www.sxxhdjn.com/dom/user_make_dom3bb4.html]
[www.sxxhdjn.com/dom/user_make_dom2e3a.html]
[www.sxxhdjn.com/dom/user_make_domd222.html]
[www.sxxhdjn.com/dom/user_make_dom7a75.html]
[www.sxxhdjn.com/dom/ajax_pwd_action2716.html]
[www.sxxhdjn.com/self_define/index2716.html]
[www.sxxhdjn.com/dom/msg/codebase/imgs/index.html]
[www.sxxhdjn.com/self_define/TJStyle4933.css]
[www.sxxhdjn.com/Ajax/GuestBook.html]
[www.sxxhdjn.com/self_define/include/guestd41d.js]
[www.sxxhdjn.com/self_define/include/guest6171.js]
[www.sxxhdjn.com/self_define/TJStyle8f1c.css]
[www.sxxhdjn.com/self_define/TJStyle5544.php]
[www.sxxhdjn.com/self_define/TJStyle998e.php]
[aimg8.dlszyht.net.cn/ueditor/image/825/1649571/1522736482871855.png]
[aimg8.dlszyht.net.cn/ueditor/image/825/1649571/1522737954330860.png]
[aimg8.dlszyht.net.cn/ueditor/image/825/1649571/1522659292184018.png]
[www.sxxhdjn.com/self_define/TJStyle6ed9.php]
[www.sxxhdjn.com/self_define/TJStyle0464.php]
[aimg8.dlszyht.net.cn/ueditor/image/825/1649571/1522728587742162.png]
[aimg8.dlszyht.net.cn/ueditor/image/825/1649571/1522728594717043.png]
[aimg8.dlszyht.net.cn/ueditor/image/825/1649571/1522734513989333.png]
[aimg8.dlszyht.net.cn/ueditor/image/825/1649571/1523936048995035.png]
[aimg8.dlszyht.net.cn/ueditor/image/825/1649571/1523935312462949.png]
[aimg8.dlszyht.net.cn/ueditor/image/825/1649571/1522721653801718.png]
[aimg8.dlszyht.net.cn/ueditor/image/825/1649571/1522722165455073.png]
[www.sxxhdjn.com/dom/form_iframe.php]
[www.sxxhdjn.com/self_define/TJStyle7093.css]
[www.sxxhdjn.com/self_define/TJStyle84c2.php]
[www.sxxhdjn.com/templates/others39/css/base.css]
[www.sxxhdjn.com/css/iconimgSkin/red/iconStyle.css]
[www.sxxhdjn.com/self_define/TJStyle8b5c.php]
[www.sxxhdjn.com/dom/ajax_pwd_action2716.html]
[www.sxxhdjn.com/404.html]
[www.sxxhdjn.com/msg/codebase/imgs/index.html]
[www.sxxhdjn.com/Ajax/GuestBook.html]
[www.sxxhdjn.com/self_define/TJStyle0957.php]
[www.sxxhdjn.com/css/iconimgSkin/red/iconImg/pro_preview_but.png]
[www.sxxhdjn.com/css/iconimgSkin/red/iconImg/inner_nowBuy.png]
[www.sxxhdjn.com/css/iconimgSkin/red/iconImg/inner_addCat.png]
[www.sxxhdjn.com/css/iconimgSkin/red/iconImg/zaoping_pic_nav.png]
[www.sxxhdjn.com/css/iconimgSkin/red/iconImg/zp_but.png]
[www.sxxhdjn.com/css/iconimgSkin/red/iconImg/Ezp_but.png]
[www.sxxhdjn.com/css/iconimgSkin/red/iconImg/SummaryListBut.png]
[www.sxxhdjn.com/css/iconimgSkin/red/iconImg/zdMainLisT_Icon.png]
[www.sxxhdjn.com/css/iconimgSkin/red/iconImg/zdSidebarT_Icon.png]
[www.sxxhdjn.com/css/iconimgSkin/red/iconImg/zdStarT_Icon.png]
[www.sxxhdjn.com/css/iconimgSkin/red/iconImg/Message_but.png]
[www.sxxhdjn.com/css/iconimgSkin/Message_desabled_but.png]
[www.sxxhdjn.com/css/iconimgSkin/red/iconStyle.css]
[www.sxxhdjn.com/ajax_set_infoc32e.html]
